// Jest Snapshot v1, https://goo.gl/fbAQLP

exports[`Learn GitLab Section Card renders correctly 1`] = `
<div
  class="gl-card gl-pt-0 h-100"
>
  <div
    class="gl-card-header gl-bg-white gl-border-0 gl-pb-0"
  >
    <img
      src="workspace.svg"
    />
     
    <h2
      class="gl-font-lg gl-mb-3"
    >
      Set up your workspace
    </h2>
     
    <p
      class="gl-text-gray-700 gl-mb-6"
    >
      Complete these tasks first so you can enjoy GitLab's features to their fullest:
    </p>
  </div>
   
  <div
    class="gl-card-body gl-pt-0"
  >
    <learn-gitlab-section-link-stub
      action="codeAdded"
      value="[object Object]"
    />
    <learn-gitlab-section-link-stub
      action="userAdded"
      value="[object Object]"
    />
    <learn-gitlab-section-link-stub
      action="issueCreated"
      value="[object Object]"
    />
    <learn-gitlab-section-link-stub
      action="gitWrite"
      value="[object Object]"
    />
    <learn-gitlab-section-link-stub
      action="mergeRequestCreated"
      value="[object Object]"
    />
    <learn-gitlab-section-link-stub
      action="pipelineCreated"
      value="[object Object]"
    />
    <learn-gitlab-section-link-stub
      action="licenseScanningRun"
      value="[object Object]"
    />
    <learn-gitlab-section-link-stub
      action="trialStarted"
      value="[object Object]"
    />
    <learn-gitlab-section-link-stub
      action="secureDependencyScanningRun"
      value="[object Object]"
    />
    <learn-gitlab-section-link-stub
      action="codeOwnersEnabled"
      value="[object Object]"
    />
    <learn-gitlab-section-link-stub
      action="secureDastRun"
      value="[object Object]"
    />
    <learn-gitlab-section-link-stub
      action="requiredMrApprovalsEnabled"
      value="[object Object]"
    />
  </div>
   
  <!---->
</div>
`;
