// Jest Snapshot v1, https://goo.gl/fbAQLP

exports[`History Item renders the correct markup 1`] = `
<li
  class="timeline-entry system-note note-wrapper"
>
  <div
    class="timeline-entry-inner"
  >
    <div
      class="gl--flex-center gl-rounded-full gl-mt-n1 gl-ml-2 gl-w-6 gl-h-6 gl-bg-gray-50 gl-text-gray-600 gl-float-left"
    >
      <gl-icon-stub
        name="pencil"
        size="16"
      />
    </div>
     
    <div
      class="timeline-content"
    >
      <div
        class="note-header"
      >
        <div
          class="note-header-info"
        >
          <div
            data-testid="default-slot"
          />
        </div>
      </div>
       
      <div
        class="note-body"
      >
        <div
          data-testid="body-slot"
        />
      </div>
    </div>
  </div>
</li>
`;
