// Jest Snapshot v1, https://goo.gl/fbAQLP

exports[`Comment templates list item component renders list item 1`] = `
<li
  class="gl-pt-4 gl-pb-5 gl-border-b"
>
  <div
    class="gl-display-flex gl-align-items-center"
  >
    <h6
      class="gl-mr-3 gl-my-0"
      data-testid="comment-template-name"
    >
      test
    </h6>
     
    <div
      class="gl-ml-auto"
    >
      <div
        class="gl-new-dropdown gl-disclosure-dropdown"
      >
        <button
          aria-controls="base-dropdown-7"
          aria-labelledby="actions-toggle-3"
          class="btn btn-default btn-md gl-button btn-default-tertiary gl-new-dropdown-toggle gl-new-dropdown-icon-only gl-new-dropdown-toggle-no-caret"
          data-testid="base-dropdown-toggle"
          id="actions-toggle-3"
          listeners="[object Object]"
          type="button"
        >
          <!---->
           
          <svg
            aria-hidden="true"
            class="gl-button-icon gl-icon s16"
            data-testid="ellipsis_v-icon"
            role="img"
          >
            <use
              href="#ellipsis_v"
            />
          </svg>
            
          <span
            class="gl-button-text"
          >
            <span
              class="gl-new-dropdown-button-text gl-sr-only"
            >
              
        Comment template actions
      
            </span>
             
            <!---->
          </span>
        </button>
         
        <div
          class="gl-new-dropdown-panel gl-w-31"
          data-testid="base-dropdown-menu"
          id="base-dropdown-7"
        >
          <div
            class="gl-new-dropdown-inner"
          >
              
            <ul
              aria-labelledby="actions-toggle-3"
              class="gl-new-dropdown-contents"
              data-testid="disclosure-content"
              id="disclosure-4"
              tabindex="-1"
            >
              <li
                class="gl-new-dropdown-item"
                data-testid="disclosure-dropdown-item"
                tabindex="0"
              >
                <button
                  class="gl-new-dropdown-item-content"
                  data-testid="comment-template-edit-btn"
                  tabindex="-1"
                  type="button"
                >
                  <span
                    class="gl-new-dropdown-item-text-wrapper"
                  >
                    
          Edit
        
                  </span>
                </button>
              </li>
              <li
                class="gl-new-dropdown-item"
                data-testid="disclosure-dropdown-item"
                tabindex="0"
              >
                <button
                  class="gl-new-dropdown-item-content gl-text-red-500!"
                  data-testid="comment-template-delete-btn"
                  tabindex="-1"
                  type="button"
                >
                  <span
                    class="gl-new-dropdown-item-text-wrapper"
                  >
                    
          Delete
        
                  </span>
                </button>
              </li>
            </ul>
             
          </div>
        </div>
      </div>
       
      <div
        class="gl-tooltip"
      >
        
        Comment template actions
      
      </div>
    </div>
  </div>
   
  <div
    class="gl-mt-3 gl-font-monospace"
  >
    /assign_reviewer
  </div>
   
  <!---->
</li>
`;
