// Jest Snapshot v1, https://goo.gl/fbAQLP

exports[`FindingsDrawer matches the snapshot 1`] = `
<gl-drawer-stub
  class="findings-drawer"
  headerheight=""
  open="true"
  variant="default"
  zindex="252"
>
  <h2
    class="gl-font-size-h2 gl-mt-0 gl-mb-0"
    data-testid="findings-drawer-heading"
  >
    
      Unused method argument - \`c\`. If it's necessary, use \`_\` or \`_c\` as an argument name to indicate that it won't be used.
    
  </h2>
  <ul
    class="gl-list-style-none gl-border-b-initial gl-mb-0 gl-pb-0!"
  >
    <li
      class="gl-mb-4"
      data-testid="findings-drawer-severity"
    >
      <span
        class="gl-font-weight-bold"
      >
        Severity:
      </span>
       
      <gl-icon-stub
        class="codequality-severity-icon gl-text-orange-300"
        data-testid="findings-drawer-severity-icon"
        name="severity-low"
        size="12"
      />
      

        minor
      
    </li>
     
    <li
      class="gl-mb-4"
      data-testid="findings-drawer-engine"
    >
      <span
        class="gl-font-weight-bold"
      >
        Engine:
      </span>
      
        testengine name
      
    </li>
     
    <li
      class="gl-mb-4"
      data-testid="findings-drawer-category"
    >
      <span
        class="gl-font-weight-bold"
      >
        Category:
      </span>
      
        testcategory 1
      
    </li>
     
    <li
      class="gl-mb-4"
      data-testid="findings-drawer-other-locations"
    >
      <span
        class="gl-font-weight-bold gl-mb-3 gl-display-block"
      >
        Other locations:
      </span>
       
      <ul
        class="gl-pl-6"
      >
        <li
          class="gl-mb-1"
        >
          <gl-link-stub
            data-testid="findings-drawer-other-locations-link"
            href="http://testlink.com"
          >
            testpath
          </gl-link-stub>
        </li>
        <li
          class="gl-mb-1"
        >
          <gl-link-stub
            data-testid="findings-drawer-other-locations-link"
            href="http://testlink.com"
          >
            testpath 1
          </gl-link-stub>
        </li>
        <li
          class="gl-mb-1"
        >
          <gl-link-stub
            data-testid="findings-drawer-other-locations-link"
            href="http://testlink.com"
          >
            testpath2
          </gl-link-stub>
        </li>
      </ul>
    </li>
  </ul>
   
  <span
    class="drawer-body gl-display-block gl-px-3 gl-py-0!"
    data-testid="findings-drawer-body"
  >
    Duplicated Code Duplicated code
  </span>
</gl-drawer-stub>
`;
