// Jest Snapshot v1, https://goo.gl/fbAQLP

exports[`MlCandidatesShow renders correctly 1`] = `
<div>
  <incubation-alert-stub
    featurename="Machine learning experiment tracking"
    linktofeedbackissue="https://gitlab.com/gitlab-org/gitlab/-/issues/381660"
  />
   
  <div
    class="detail-page-header gl-flex-wrap"
  >
    <div
      class="detail-page-header-body"
    >
      <h1
        class="page-title gl-font-size-h-display flex-fill"
      >
        
        Model candidate details
      
      </h1>
       
      <delete-button-stub
        actionprimarytext="Delete candidate"
        deleteconfirmationtext="Deleting this candidate will delete the associated parameters, metrics, and metadata."
        deletepath="path_to_candidate"
        modaltitle="Delete candidate?"
      />
    </div>
  </div>
   
  <table
    class="candidate-details gl-w-full"
  >
    <tbody>
      <tr
        class="divider"
      />
       
      <tr>
        <td
          class="gl-text-secondary gl-font-weight-bold"
        >
          Info
        </td>
         
        <td
          class="gl-font-weight-bold"
        >
          ID
        </td>
         
        <td>
          candidate_iid
        </td>
      </tr>
       
      <tr>
        <td />
         
        <td
          class="gl-font-weight-bold"
        >
          Status
        </td>
         
        <td>
          SUCCESS
        </td>
      </tr>
       
      <tr>
        <td />
         
        <td
          class="gl-font-weight-bold"
        >
          Experiment
        </td>
         
        <td>
          <gl-link-stub>
            The Experiment
          </gl-link-stub>
        </td>
      </tr>
       
      <tr>
        <td />
         
        <td
          class="gl-font-weight-bold"
        >
          Artifacts
        </td>
         
        <td>
          <gl-link-stub
            href="path_to_artifact"
          >
            Artifacts
          </gl-link-stub>
        </td>
      </tr>
       
      <tr
        class="divider"
      />
       
      <tr>
        <td
          class="gl-text-secondary gl-font-weight-bold"
        >
          
            Parameters
          
        </td>
         
        <td
          class="gl-font-weight-bold"
        >
          Algorithm
        </td>
         
        <td>
          Decision Tree
        </td>
      </tr>
      <tr>
        <td />
         
        <td
          class="gl-font-weight-bold"
        >
          MaxDepth
        </td>
         
        <td>
          3
        </td>
      </tr>
      <tr
        class="divider"
      />
       
      <tr>
        <td
          class="gl-text-secondary gl-font-weight-bold"
        >
          
            Metrics
          
        </td>
         
        <td
          class="gl-font-weight-bold"
        >
          AUC
        </td>
         
        <td>
          .55
        </td>
      </tr>
      <tr>
        <td />
         
        <td
          class="gl-font-weight-bold"
        >
          Accuracy
        </td>
         
        <td>
          .99
        </td>
      </tr>
      <tr
        class="divider"
      />
       
      <tr>
        <td
          class="gl-text-secondary gl-font-weight-bold"
        >
          
            Metadata
          
        </td>
         
        <td
          class="gl-font-weight-bold"
        >
          FileName
        </td>
         
        <td>
          test.py
        </td>
      </tr>
      <tr>
        <td />
         
        <td
          class="gl-font-weight-bold"
        >
          ExecutionTime
        </td>
         
        <td>
          .0856
        </td>
      </tr>
    </tbody>
  </table>
</div>
`;
