// Jest Snapshot v1, https://goo.gl/fbAQLP

exports[`EE - CorpusManagement - EmptyState should render correct content 1`] = `
<section
  class="gl-display-flex empty-state gl-text-center gl-flex-direction-column"
>
  <div
    class="gl-max-w-full"
  >
    <div
      class="svg-250 svg-content"
    >
      <img
        alt=""
        class="gl-max-w-full gl-dark-invert-keep-hue"
        role="img"
        src="/illustrations/no_commits.svg"
      />
    </div>
  </div>
   
  <div
    class="gl-max-w-full gl-m-auto"
    data-testid="gl-empty-state-content"
  >
    <div
      class="gl-mx-auto gl-my-0 gl-p-5"
    >
      <h1
        class="gl-font-size-h-display gl-line-height-36 h4"
      >
        
          Manage your fuzz testing corpus files
        
      </h1>
       
      <p
        class="gl-mt-3"
      >
        <gl-sprintf-stub
          message="A corpus is used by fuzz testing to improve coverage. Corpus files can be manually created or auto-generated. %{linkStart}Learn more%{linkEnd}"
        />
      </p>
       
      <div
        class="gl-display-flex gl-flex-wrap gl-justify-content-center"
      >
        <button>
          Perform action
        </button>
      </div>
    </div>
  </div>
</section>
`;
